// Jest Snapshot v1, https://goo.gl/fbAQLP

exports[`Home Page matches snapshot 1`] = `
<div>
  <div
    class="grid grid-rows-[20px_1fr_20px] items-center justify-items-center min-h-screen p-8 pb-20 gap-16 sm:p-20 font-[family-name:var(--font-geist-sans)]"
  >
    <main
      class="flex flex-col gap-4 row-start-2 items-center sm:items-start"
    >
      <header>
        Rick and Morty Characters
      </header>
      <div
        class="relative w-full overflow-x-auto"
        data-slot="table-container"
      >
        <table
          class="w-full caption-bottom text-sm"
          data-slot="table"
        >
          <caption
            class="text-muted-foreground mt-4 text-sm"
            data-slot="table-caption"
          >
            A list of Rick and Morty characters.
          </caption>
          <thead
            class="[&_tr]:border-b"
            data-slot="table-header"
          >
            <tr
              class="hover:bg-muted/50 data-[state=selected]:bg-muted border-b transition-colors"
              data-slot="table-row"
            >
              <th
                class="text-foreground h-10 px-2 text-left align-middle font-medium whitespace-nowrap [&:has([role=checkbox])]:pr-0 [&>[role=checkbox]]:translate-y-[2px] w-[100px]"
                data-slot="table-head"
              >
                <b>
                  Name
                </b>
              </th>
            </tr>
          </thead>
          <tbody
            class="[&_tr:last-child]:border-0"
            data-slot="table-body"
          />
        </table>
      </div>
      <nav
        aria-label="pagination"
        class="mx-auto flex w-full justify-center"
        data-slot="pagination"
        role="navigation"
      >
        <ul
          class="flex flex-row items-center gap-1"
          data-slot="pagination-content"
        >
          <li
            data-slot="pagination-item"
          >
            <a
              aria-label="Go to previous page"
              class="inline-flex items-center justify-center whitespace-nowrap rounded-md text-sm font-medium transition-all disabled:pointer-events-none disabled:opacity-50 [&_svg]:pointer-events-none [&_svg:not([class*='size-'])]:size-4 shrink-0 [&_svg]:shrink-0 outline-none focus-visible:border-ring focus-visible:ring-ring/50 focus-visible:ring-[3px] aria-invalid:ring-destructive/20 dark:aria-invalid:ring-destructive/40 aria-invalid:border-destructive hover:bg-accent hover:text-accent-foreground dark:hover:bg-accent/50 h-9 py-2 has-[>svg]:px-3 gap-1 px-2.5 sm:pl-2.5 pointer-events-none opacity-50"
              data-slot="pagination-link"
              href="/?"
            >
              <svg
                aria-hidden="true"
                class="lucide lucide-chevron-left"
                fill="none"
                height="24"
                stroke="currentColor"
                stroke-linecap="round"
                stroke-linejoin="round"
                stroke-width="2"
                viewBox="0 0 24 24"
                width="24"
                xmlns="http://www.w3.org/2000/svg"
              >
                <path
                  d="m15 18-6-6 6-6"
                />
              </svg>
              <span
                class="hidden sm:block"
              >
                Previous
              </span>
            </a>
          </li>
          <li
            data-slot="pagination-item"
          >
            <a
              aria-current="page"
              class="inline-flex items-center justify-center gap-2 whitespace-nowrap rounded-md text-sm font-medium transition-all disabled:pointer-events-none disabled:opacity-50 [&_svg]:pointer-events-none [&_svg:not([class*='size-'])]:size-4 shrink-0 [&_svg]:shrink-0 outline-none focus-visible:border-ring focus-visible:ring-ring/50 focus-visible:ring-[3px] aria-invalid:ring-destructive/20 dark:aria-invalid:ring-destructive/40 aria-invalid:border-destructive border bg-background shadow-xs hover:bg-accent hover:text-accent-foreground dark:bg-input/30 dark:border-input dark:hover:bg-input/50 size-9"
              data-active="true"
              data-slot="pagination-link"
              href="/?"
            >
              1
            </a>
          </li>
          <li
            data-slot="pagination-item"
          >
            <a
              aria-label="Go to next page"
              class="inline-flex items-center justify-center whitespace-nowrap rounded-md text-sm font-medium transition-all disabled:pointer-events-none disabled:opacity-50 [&_svg]:pointer-events-none [&_svg:not([class*='size-'])]:size-4 shrink-0 [&_svg]:shrink-0 outline-none focus-visible:border-ring focus-visible:ring-ring/50 focus-visible:ring-[3px] aria-invalid:ring-destructive/20 dark:aria-invalid:ring-destructive/40 aria-invalid:border-destructive hover:bg-accent hover:text-accent-foreground dark:hover:bg-accent/50 h-9 py-2 has-[>svg]:px-3 gap-1 px-2.5 sm:pr-2.5 pointer-events-none opacity-50"
              data-slot="pagination-link"
              href="/?"
            >
              <span
                class="hidden sm:block"
              >
                Next
              </span>
              <svg
                aria-hidden="true"
                class="lucide lucide-chevron-right"
                fill="none"
                height="24"
                stroke="currentColor"
                stroke-linecap="round"
                stroke-linejoin="round"
                stroke-width="2"
                viewBox="0 0 24 24"
                width="24"
                xmlns="http://www.w3.org/2000/svg"
              >
                <path
                  d="m9 18 6-6-6-6"
                />
              </svg>
            </a>
          </li>
        </ul>
      </nav>
    </main>
  </div>
</div>
`;

exports[`Home page should match snapshot 1`] = `
<div>
  <div
    class="grid grid-rows-[20px_1fr_20px] items-center justify-items-center min-h-screen p-8 pb-20 gap-16 sm:p-20 font-[family-name:var(--font-geist-sans)]"
  >
    <main
      class="flex flex-col gap-4 row-start-2 items-center sm:items-start"
    >
      <header>
        Rick and Morty Characters
      </header>
      <div
        class="relative w-full overflow-x-auto"
        data-slot="table-container"
      >
        <table
          class="w-full caption-bottom text-sm"
          data-slot="table"
        >
          <caption
            class="text-muted-foreground mt-4 text-sm"
            data-slot="table-caption"
          >
            A list of Rick and Morty characters.
          </caption>
          <thead
            class="[&_tr]:border-b"
            data-slot="table-header"
          >
            <tr
              class="hover:bg-muted/50 data-[state=selected]:bg-muted border-b transition-colors"
              data-slot="table-row"
            >
              <th
                class="text-foreground h-10 px-2 text-left align-middle font-medium whitespace-nowrap [&:has([role=checkbox])]:pr-0 [&>[role=checkbox]]:translate-y-[2px] w-[100px]"
                data-slot="table-head"
              >
                <b>
                  Name
                </b>
              </th>
            </tr>
          </thead>
          <tbody
            class="[&_tr:last-child]:border-0"
            data-slot="table-body"
          />
        </table>
      </div>
      <nav
        aria-label="pagination"
        class="mx-auto flex w-full justify-center"
        data-slot="pagination"
        role="navigation"
      >
        <ul
          class="flex flex-row items-center gap-1"
          data-slot="pagination-content"
        >
          <li
            data-slot="pagination-item"
          >
            <a
              aria-label="Go to previous page"
              class="inline-flex items-center justify-center whitespace-nowrap rounded-md text-sm font-medium transition-all disabled:pointer-events-none disabled:opacity-50 [&_svg]:pointer-events-none [&_svg:not([class*='size-'])]:size-4 shrink-0 [&_svg]:shrink-0 outline-none focus-visible:border-ring focus-visible:ring-ring/50 focus-visible:ring-[3px] aria-invalid:ring-destructive/20 dark:aria-invalid:ring-destructive/40 aria-invalid:border-destructive hover:bg-accent hover:text-accent-foreground dark:hover:bg-accent/50 h-9 py-2 has-[>svg]:px-3 gap-1 px-2.5 sm:pl-2.5 pointer-events-none opacity-50"
              data-slot="pagination-link"
              href="/?"
            >
              <svg
                aria-hidden="true"
                class="lucide lucide-chevron-left"
                fill="none"
                height="24"
                stroke="currentColor"
                stroke-linecap="round"
                stroke-linejoin="round"
                stroke-width="2"
                viewBox="0 0 24 24"
                width="24"
                xmlns="http://www.w3.org/2000/svg"
              >
                <path
                  d="m15 18-6-6 6-6"
                />
              </svg>
              <span
                class="hidden sm:block"
              >
                Previous
              </span>
            </a>
          </li>
          <li
            data-slot="pagination-item"
          >
            <a
              aria-current="page"
              class="inline-flex items-center justify-center gap-2 whitespace-nowrap rounded-md text-sm font-medium transition-all disabled:pointer-events-none disabled:opacity-50 [&_svg]:pointer-events-none [&_svg:not([class*='size-'])]:size-4 shrink-0 [&_svg]:shrink-0 outline-none focus-visible:border-ring focus-visible:ring-ring/50 focus-visible:ring-[3px] aria-invalid:ring-destructive/20 dark:aria-invalid:ring-destructive/40 aria-invalid:border-destructive border bg-background shadow-xs hover:bg-accent hover:text-accent-foreground dark:bg-input/30 dark:border-input dark:hover:bg-input/50 size-9"
              data-active="true"
              data-slot="pagination-link"
              href="/?"
            >
              1
            </a>
          </li>
          <li
            data-slot="pagination-item"
          >
            <a
              aria-label="Go to next page"
              class="inline-flex items-center justify-center whitespace-nowrap rounded-md text-sm font-medium transition-all disabled:pointer-events-none disabled:opacity-50 [&_svg]:pointer-events-none [&_svg:not([class*='size-'])]:size-4 shrink-0 [&_svg]:shrink-0 outline-none focus-visible:border-ring focus-visible:ring-ring/50 focus-visible:ring-[3px] aria-invalid:ring-destructive/20 dark:aria-invalid:ring-destructive/40 aria-invalid:border-destructive hover:bg-accent hover:text-accent-foreground dark:hover:bg-accent/50 h-9 py-2 has-[>svg]:px-3 gap-1 px-2.5 sm:pr-2.5 pointer-events-none opacity-50"
              data-slot="pagination-link"
              href="/?"
            >
              <span
                class="hidden sm:block"
              >
                Next
              </span>
              <svg
                aria-hidden="true"
                class="lucide lucide-chevron-right"
                fill="none"
                height="24"
                stroke="currentColor"
                stroke-linecap="round"
                stroke-linejoin="round"
                stroke-width="2"
                viewBox="0 0 24 24"
                width="24"
                xmlns="http://www.w3.org/2000/svg"
              >
                <path
                  d="m9 18 6-6-6-6"
                />
              </svg>
            </a>
          </li>
        </ul>
      </nav>
    </main>
  </div>
</div>
`;
